*->node js=>a runtime envirnment for run js code
->api

1]*Node module sysytem
->os,fs,file,events
->console.log()//global 
->setTimeout()
->clearTimeout()
->setInterval()
->clearInterval()

window=>global scope
window.console.log
window.setTimeout

var message="Moni"
window.message

->WE have global object
var message='';
global.setTimeout()

->
var message='';
console.log(global.message)

->
var message = "moni";
console.log(global.message); //not run give undefined

->not run
var sayHello = function () {
  console.log("hello app");
};
window.sayHello();

->
console.log(module);

//-->
PS C:\Users\Neosoft\Desktop\New folder\node\mosh> node app.js
Module {
  id: '.',
  path: 'C:\\Users\\Neosoft\\Desktop\\New folder\\node\\mosh',
  exports: {},
  filename: 'C:\\Users\\Neosoft\\Desktop\\New folder\\node\\mosh\\app.js',
  loaded: false,
  children: [],
  paths: [
    'C:\\Users\\Neosoft\\Desktop\\New folder\\node\\mosh\\node_modules',
    'C:\\Users\\Neosoft\\Desktop\\New folder\\node\\node_modules',
    'C:\\Users\\Neosoft\\Desktop\\New folder\\node_modules',
    'C:\\Users\\Neosoft\\Desktop\\node_modules',
    'C:\\Users\\Neosoft\\node_modules',
    'C:\\Users\\node_modules',
    'C:\\node_modules'
  ]
}
PS C:\Users\Neosoft\Desktop\New folder\node\mosh> 

//-->1]module.js
var url = "http://mylogger.io/log";
function log(msg) {
  //send an http request
  console.log(msg);
}
module.exports.log = log;

//-->2]app.js
const logger = require("./module");
console.log(logger);
logger.log("message");

3]=>result=>
PS C:\Users\Neosoft\Desktop\New folder\node\mosh> node app.js
{ log: [Function: log] }
PS C:\Users\Neosoft\Desktop\New folder\node\mosh> node app.js
{ log: [Function: log] }
message

//1]module.js
var url = "http://mylogger.io/log";
function log(msg) {
  //send an http request
  console.log(msg);
}
module.exports = log;

2]app.js
const logger = require("./module");
logger("message");

3]result=>
PS C:\Users\Neosoft\Desktop\New folder\node\mosh> node app.js
message

//-->
function(exports,require,module,__dirname,__filename)==>module wrapper function
//->module.js
console.log(__dirname);
console.log(__filename);
var url = "http://mylogger.io/log";
function log(msg) {
  //send an http request
  console.log(msg);
}
module.exports = log;

//->app.js
const logger = require("./module");
logger("message");

//-->result->
PS C:\Users\Neosoft\Desktop\New folder\node\mosh> node app.js   
C:\Users\Neosoft\Desktop\New folder\node\mosh
C:\Users\Neosoft\Desktop\New folder\node\mosh\module.js
message

//--->1]path
//->app.js
const path = require("path");
var pathObj = path.parse(__filename);
console.log(pathObj);

//->result=>

PS C:\Users\Neosoft\Desktop\New folder\node\mosh> node app.js
{
  root: 'C:\\',
  dir: 'C:\\Users\\Neosoft\\Desktop\\New folder\\node\\mosh',
  base: 'app.js',
  ext: '.js',
  name: 'app'
}
PS C:\Users\Neosoft\Desktop\New folder\node\mosh> 

//-->app.js
const path = require("path");
var pathObj = path.parse(__filename);
console.log(pathObj);
const pathdir = path.parse(__dirname);
console.log(pathdir);

//-->result=>
PS C:\Users\Neosoft\Desktop\New folder\node\mosh> node app.js
{
  root: 'C:\\',
  dir: 'C:\\Users\\Neosoft\\Desktop\\New folder\\node\\mosh',
  base: 'app.js',
  ext: '.js',
  name: 'app'
}
{
  root: 'C:\\',
  dir: 'C:\\Users\\Neosoft\\Desktop\\New folder\\node',
  base: 'mosh',
  ext: '',
  name: 'mosh'
}
PS C:\Users\Neosoft\Desktop\New folder\node\mosh> 

//-->app.js
const os = require("os");
let r1 = os.freemem();
console.log(r1);
let r2 = os.totalmem();
console.log(r2);

//->resut=>
PS C:\Users\Neosoft\Desktop\New folder\node\mosh> node app.js
2184146944
8271130624

//->file system module
//-->app.js
const fs = require("fs");

// const files = fs.readdirSync("./");
// console.log(files);

fs.readdir("./", function (err, files) {
  if (err) console.log("Error", err);
  else console.log("Result", files);
});

//-->result=>
PS C:\Users\Neosoft\Desktop\New folder\node\mosh> node app.js
Result [ 'app.js', 'index.js', 'module.js', 'notes.txt', 'setTime.js' ]
PS C:\Users\Neosoft\Desktop\New folder\node\mosh> 

//-->app.js
const EventEmitter = require("events");
const emitter = new EventEmitter();
//Register a listener
emitter.on("messageLogged", function () {
  console.log("Listener called");
});
//Raise an event
emitter.emit("messageLogged");

//->result=>
PS C:\Users\Neosoft\Desktop\New folder\node\mosh> node app.js
Listener called

//->app.js
const EventEmitter = require("events");
const emitter = new EventEmitter();
//Register a listener
emitter.on("messageLogged", function (arg) {
  console.log("Listener called", arg);
});
//Raise an event
emitter.emit("messageLogged", { id: 1, url: "http://", no: 344 });

//->result=>
PS C:\Users\Neosoft\Desktop\New folder\node\mosh> node app.js
Listener called { id: 1, url: 'http://', no: 344 }

//-->app.js (arrow function)
const EventEmitter = require("events");
const emitter = new EventEmitter();
//Register a listener
emitter.on("messageLogged", (arg) => {
  console.log("Listener called", arg);
});
//Raise an event
emitter.emit("messageLogged", { id: 1, url: "http://", no: 344 });

//->result=>
PS C:\Users\Neosoft\Desktop\New folder\node\mosh> node app.js
Listener called { id: 1, url: 'http://', no: 344 }

//-->app.js
const EventEmitter = require("events");
const emitter = new EventEmitter();
//Register a listener
emitter.on("messageLogged", (arg) => {
  console.log("Listener called", arg);
});
//Raise an event
emitter.emit("messageLogged", { id: 1, url: "http://", no: 344 });

emitter.on("Logging", (arg) => {
  console.log("user loggedin", arg);
});
emitter.emit("Logging", { id: 1, fname: "moni", lname: "ganagne" });

//-->result=>
PS C:\Users\Neosoft\Desktop\New folder\node\mosh> node app.js
Listener called { id: 1, url: 'http://', no: 344 }
user loggedin { id: 1, fname: 'moni', lname: 'ganagne' }
PS C:\Users\Neosoft\Desktop\New folder\node\mosh> 

//-->module.js
const EventEmitter = require("events");
class Logger extends EventEmitter {
  log(message) {
    console.log(message);
    this.emit("messageLogged", { id: 1, fname: "moni", lname: "ganagne" });
  }
}
module.exports = Logger;


//-->app.js
const EventEmitter = require("events");
const Logger = require("./module");
const logger = new Logger();

//register a listener
logger.on("messageLogged", (arg) => {
  console.log("Listener called", arg);
});

logger.log("message");

//-->result=>
PS C:\Users\Neosoft\Desktop\New folder\node\mosh> node app.js
message
Listener called { id: 1, fname: 'moni', lname: 'ganagne' }
PS C:\Users\Neosoft\Desktop\New folder\node\mosh> 

//-->(http module)
//->app.js
const http = require("http");
const server = http.createServer();
server.on("connection", (Socket) => {
  console.log("New connection..");
});
server.listen(3000);
console.log("Listening on port 3000..");

//-->result
PS C:\Users\Neosoft\Desktop\New folder\node\mosh> node app.js
Listening on port 3000..
New connection..
New connection..

//-->app.js
const http = require("http");
const server = http.createServer((req, res) => {
  if (req.url === "/") {
    res.write("hello moni ");
    res.write("nice to see you");
    res.end();
  }
});

server.listen(3000);
console.log("listenng on 3000 port");

//-->result
PS C:\Users\Neosoft\Desktop\New folder\node\mosh> nodemon app.js
[nodemon] 2.0.15
[nodemon] to restart at any time, enter `rs`
[nodemon] watching path(s): *.*
[nodemon] watching extensions: js,mjs,json
[nodemon] starting `node app.js`
listenng on 3000 port

//->browser result=>http://localhost:3000/
hello moni nice to see you

//-->app.js
const http = require("http");
const server = http.createServer((req, res) => {
  if (req.url === "/") {
    res.write("hello moni ");
    res.write("nice to see you");
    res.end();
  }
  if (req.url === "/api/courses") {
    res.write(JSON.stringify([1, 2, 3, "Moni"]));
    res.end();
  }
});

server.listen(3000);
console.log("listenng on 3000 port");

//->result=>http://localhost:3000/api/courses

[
1,
2,
3,
"Moni"
]


//-->npm init or npm init --yes

//-->index.js

var _ = require("underscore");
//core module
//file or folder
//node modules
var result = _.contains([1, 2, 3], 2);
console.log(result);

//-->result=>
PS C:\Users\Neosoft\Desktop\New folder\node\mosh\npm-demo> node index.js
true

//-->npm listen
PS C:\Users\Neosoft\Desktop\New folder\node\mosh\npm-demo> npm list
npm-demo@1.0.0 C:\Users\Neosoft\Desktop\New folder\node\mosh\npm-demo
├── mongoose@6.3.4
└── underscore@1.13.3


//-->PS C:\Users\Neosoft\Desktop\New folder\node\mosh\npm-demo> npm list --depth=0
npm-demo@1.0.0 C:\Users\Neosoft\Desktop\New folder\node\mosh\npm-demo
├── mongoose@6.3.4
└── underscore@1.13.3

//-->
PS C:\Users\Neosoft\Desktop\New folder\node\mosh\npm-demo> npm view mongoose

mongoose@6.3.4 | MIT | deps: 7 | versions: 722
Mongoose MongoDB ODM
https://mongoosejs.com

keywords: mongodb, document, model, schema, database, odm, data, datastore, query, nosql, orm, db   

dist
.tarball: https://registry.npmjs.org/mongoose/-/mongoose-6.3.4.tgz
.shasum: 622f41c7380fba637f87006ebc46223753b3aac7
.integrity: sha512-UP0azyGMdY+2YNbJUHeHhnVw5vPzCqs4GQDUwHkilif/rwmSZktUQhQWMp1pUgRNeF2JC30vWGLrInZxD7K/Qw==7K/Qw==
.unpackedSize: 2.7 MB

dependencies:
bson: ^4.6.2   mongodb: 4.5.0 mquery: 4.0.3  sift: 16.0.0
kareem: 2.3.5  mpath: 0.9.0   ms: 2.1.3

maintainers:
- aaron <aaron.heckmann+github@gmail.com>
- rauchg <rauchg@gmail.com>
- tjholowaychuk <tj@vision-media.ca>
- vkarpov15 <val@karpov.io>

dist-tags:
latest: 6.3.4    legacy: 5.13.14  next: 6.0.0-rc2  unstable: 3.9.7

published 3 days ago by vkarpov15 <val@karpov.io>
PS C:\Users\Neosoft\Desktop\New folder\node\mosh\npm-demo>





//-->PS C:\Users\Neosoft\Desktop\New folder\node\mosh\npm-demo> npm view mongoose dependencies
{
  bson: '^4.6.2',
  kareem: '2.3.5',
  mongodb: '4.5.0',
  mpath: '0.9.0',
  mquery: '4.0.3',
  ms: '2.1.3',
  sift: '16.0.0'
}
PS C:\Users\Neosoft\Desktop\New folder\node\mosh\npm-demo>




//-->PS C:\Users\Neosoft\Desktop\New folder\node\mosh\npm-demo> npm view mongoose version
6.3.4
PS C:\Users\Neosoft\Desktop\New folder\node\mosh\npm-demo> npm view mongoose versions
[
  '0.0.1',     '0.0.2',     '0.0.3',        '0.0.4',        '0.0.5', 
  '0.0.6',     '1.0.0',     '1.0.1',        '1.0.2',        '1.0.3', 
  '1.0.4',     '1.0.5',     '1.0.6',        '1.0.7',        '1.0.8', 
  '1.0.10',    '1.0.11',    '1.0.12',       '1.0.13',       '1.0.14',
  '1.0.15',    '1.0.16',    '1.1.0',        '1.1.1',        '1.1.2', 
  '1.1.3',     '1.1.4',     '1.1.5',        '1.1.6',        '1.1.7', 
  '1.1.8',     '1.1.9',     '1.1.10',       '1.1.11',       '1.1.12',
  '1.1.13',    '1.1.14',    '1.1.15',       '1.1.16',       '1.1.17',
  '1.1.18',    '1.1.19',    '1.1.20',       '1.1.21',       '1.1.22',
  '1.1.23',    '1.1.24',    '1.1.25',       '1.2.0',        '1.3.0', 
  '1.3.1',     '1.3.2',     '1.3.3',        '1.3.4',        '1.3.5', 
  '1.3.6',     '1.3.7',     '1.4.0',        '1.5.0',        '1.6.0', 
  '1.7.2',     '1.7.3',     '1.7.4',        '1.8.0',        '1.8.1', 
  '1.8.2',     '1.8.3',     '1.8.4',        '2.0.0',        '2.0.1', 
  '2.0.2',     '2.0.3',     '2.0.4',        '2.1.0',        '2.1.1', 
  '2.1.2',     '2.1.3',     '2.1.4',        '2.2.0',        '2.2.1', 
  '2.2.2',     '2.2.3',     '2.2.4',        '2.3.0',        '2.3.1', 
  '2.3.2',     '2.3.3',     '2.3.4',        '2.3.5',        '2.3.6', 
  '2.3.7',     '2.3.8',     '2.3.9',        '2.3.10',       '2.3.11',
  '2.3.12',    '2.3.13',    '2.4.0',        '2.4.1',        '2.4.2', 
  '2.4.3',     '2.4.4',     '2.4.5',        '2.4.6',        '2.4.7',
  '2.4.8',     '2.4.9',     '2.4.10',       '2.5.0',        '2.5.1',
  '2.5.2',     '2.5.3',     '2.5.4',        '2.5.5',        '2.5.6',
  '2.5.7',     '2.5.8',     '2.5.9',        '2.5.10',       '2.5.11',
  '2.5.12',    '2.5.13',    '2.5.14',       '2.6.0',        '2.6.1',
  '2.6.2',     '2.6.3',     '2.6.4',        '2.6.5',        '2.6.6',
  '2.6.7',     '2.6.8',     '2.7.0',        '2.7.1',        '2.7.2',
  '2.7.3',     '2.7.4',     '2.8.0',        '2.8.1',        '2.8.2',
  '2.8.3',     '2.9.0',     '2.9.1',        '2.9.2',        '2.9.3',
  '2.9.4',     '2.9.5',     '2.9.6',        '2.9.7',        '2.9.8',
  '2.9.9',     '2.9.10',    '3.0.0-alpha1', '3.0.0-alpha2', '3.0.0-rc0',
  '3.0.0',     '3.0.1',     '3.0.2',        '3.0.3',        '3.1.0',
  '3.1.1',     '3.2.0',     '3.2.1',        '3.2.2',        '3.3.0',
  '3.3.1',     '3.4.0',     '3.5.0',        '3.5.1',        '3.5.2',
  '3.5.3',     '3.5.4',     '3.5.5',        '3.5.6',        '3.5.7',
  '3.5.8',     '3.5.9',     '3.5.10',       '3.5.11',       '3.5.12',
  '3.5.13',    '3.5.14',    '3.5.15',       '3.5.16',       '3.6.0-rc0',
  '3.6.0-rc1', '3.6.2',     '3.6.3',        '3.6.4',        '3.6.5',
  '3.6.6',     '3.6.7',     '3.6.8',        '3.6.9',        '3.6.10',
  '3.6.11',    '3.6.12',    '3.6.13',       '3.6.14',       '3.6.15',
  '3.6.16',    '3.6.17',    '3.6.18',       '3.6.19',       '3.6.20',
  '3.7.0',     '3.7.2',     '3.7.3',        '3.7.4',        '3.8.0',
  '3.8.1',     '3.8.2',     '3.8.3',        '3.8.4',        '3.8.5',
  '3.8.6',     '3.8.7',     '3.8.8',        '3.8.9',        '3.8.10',
  '3.8.11',    '3.8.12',    '3.8.13',       '3.8.14',       '3.8.15',
  '3.8.16',    '3.8.17',    '3.8.18',       '3.8.19',       '3.8.20',
  '3.8.21',    '3.8.22',    '3.8.23',       '3.8.24',       '3.8.25',
  '3.8.26',    '3.8.27',    '3.8.28',       '3.8.29',       '3.8.30',
  '3.8.31',    '3.8.33',    '3.8.34',       '3.8.35',       '3.8.36',
  '3.8.37',    '3.8.38',    '3.8.39',       '3.8.40',       '3.9.0',
  '3.9.1',     '3.9.2',     '3.9.3',        '3.9.4',        '3.9.5',
  '3.9.6',     '3.9.7',     '4.0.0-rc0',    '4.0.0-rc1',    '4.0.0-rc2',
  '4.0.0-rc3', '4.0.0-rc4', '4.0.0',        '4.0.1',        '4.0.2',
  '4.0.3',     '4.0.4',     '4.0.5',        '4.0.6',        '4.0.7',
  '4.0.8',     '4.1.0',     '4.1.1',        '4.1.2',        '4.1.3',
  '4.1.5',     '4.1.6',     '4.1.7',        '4.1.8',        '4.1.9',
  '4.1.10',    '4.1.11',    '4.1.12',       '4.2.0',        '4.2.1',
  '4.2.2',     '4.2.3',     '4.2.4',        '4.2.5',        '4.2.6',
  '4.2.7',     '4.2.8',     '4.2.9',        '4.2.10',       '4.3.0',
  '4.3.1',     '4.3.2',     '4.3.3',        '4.3.4',        '4.3.5',
  '4.3.6',     '4.3.7',     '4.4.0',        '4.4.1',        '4.4.2',
  '4.4.3',     '4.4.4',     '4.4.5',        '4.4.6',        '4.4.7',
  '4.4.8',     '4.4.9',     '4.4.10',       '4.4.11',       '4.4.12',
  '4.4.13',    '4.4.14',    '4.4.15',       '4.4.16',       '4.4.17',
  '4.4.18',    '4.4.19',    '4.4.20',       '4.5.0',        '4.5.1',
  '4.5.2',     '4.5.3',     '4.5.4',        '4.5.5',        '4.5.6',
  '4.5.7',     '4.5.8',     '4.5.9',        '4.5.10',       '4.6.0',
  '4.6.1',     '4.6.2',     '4.6.3',        '4.6.4',        '4.6.5',
  '4.6.6',     '4.6.7',     '4.6.8',        '4.7.0',        '4.7.1',
  '4.7.2',     '4.7.3',     '4.7.4',        '4.7.5-pre',    '4.7.5',
  '4.7.6',     '4.7.7',     '4.7.8',        '4.7.9',        '4.8.0',
  '4.8.1',     '4.8.2',     '4.8.3',        '4.8.4',        '4.8.5',
  '4.8.6',     '4.8.7',     '4.9.0',        '4.9.1',        '4.9.2',
  '4.9.3',     '4.9.4',     '4.9.5',        '4.9.6',        '4.9.7',
  '4.9.8',     '4.9.9',     '4.9.10',       '4.10.0',       '4.10.1',
  '4.10.2',    '4.10.3',    '4.10.4',       '4.10.5',       '4.10.6',
  '4.10.7',    '4.10.8',    '4.11.0',       '4.11.1',       '4.11.2',
  '4.11.3',    '4.11.4',    '4.11.5',       '4.11.6',       '4.11.7',
  '4.11.8',    '4.11.9',    '4.11.10',      '4.11.11',      '4.11.12',
  '4.11.13',   '4.11.14',   '4.12.0',       '4.12.1',       '4.12.2',
  '4.12.3',    '4.12.4',    '4.12.5',       '4.12.6',       '4.13.0',
  '4.13.1',    '4.13.2',    '4.13.3',       '4.13.4',       '4.13.5',
  '4.13.6',    '4.13.7',    '4.13.8',       '4.13.9',       '4.13.10',
  '4.13.11',   '4.13.12',   '4.13.13',      '4.13.14',      '4.13.15',
  '4.13.16',   '4.13.17',   '4.13.18',      '4.13.19',      '4.13.20',
  '4.13.21',   '5.0.0-rc0', '5.0.0-rc1',    '5.0.0-rc2',    '5.0.0',
  '5.0.1',     '5.0.2',     '5.0.3',        '5.0.4',        '5.0.5',
  '5.0.6',     '5.0.7',     '5.0.8',        '5.0.9',        '5.0.10',
  '5.0.11',    '5.0.12',    '5.0.13',       '5.0.14',       '5.0.15',
  '5.0.16',    '5.0.17',    '5.0.18',       '5.1.0',        '5.1.1',
  '5.1.2',     '5.1.3',     '5.1.4',        '5.1.5',        '5.1.6',
  '5.1.7',     '5.1.8',     '5.2.0',        '5.2.1',        '5.2.2',
  '5.2.3',     '5.2.4',     '5.2.5',        '5.2.6',        '5.2.7',
  '5.2.8',     '5.2.9',     '5.2.10',       '5.2.11',       '5.2.12',
  '5.2.13',    '5.2.14',    '5.2.15',       '5.2.16',       '5.2.17',
  '5.2.18',    '5.3.0',     '5.3.1',        '5.3.2',        '5.3.3',
  '5.3.4',     '5.3.5',     '5.3.6',        '5.3.7',        '5.3.8',
  '5.3.9',     '5.3.10',    '5.3.11',       '5.3.12',       '5.3.13',
  '5.3.14',    '5.3.15',    '5.3.16',       '5.4.0',        '5.4.1',
  '5.4.2',     '5.4.3',     '5.4.4',        '5.4.5',        '5.4.6',
  '5.4.7',     '5.4.8',     '5.4.9',        '5.4.10',       '5.4.11',
  '5.4.12',    '5.4.13',    '5.4.14',       '5.4.15',       '5.4.16',
  '5.4.17',    '5.4.18',    '5.4.19',       '5.4.20',       '5.4.21',
  '5.4.22',    '5.4.23',    '5.5.0',        '5.5.1',        '5.5.2',
  '5.5.3',     '5.5.4',     '5.5.5',        '5.5.6',        '5.5.7',
  '5.5.8',     '5.5.9',     '5.5.10',       '5.5.11',       '5.5.12',
  '5.5.13',    '5.5.14',    '5.5.15',       '5.6.0',        '5.6.1',
  '5.6.2',     '5.6.3',     '5.6.4',        '5.6.5',        '5.6.6',
  '5.6.7',     '5.6.8',     '5.6.9',        '5.6.10',       '5.6.11',
  '5.6.12',    '5.6.13',    '5.7.0',        '5.7.1',        '5.7.3',
  '5.7.4',     '5.7.5',     '5.7.6',        '5.7.7',        '5.7.8',
  '5.7.9',     '5.7.10',    '5.7.11',       '5.7.12',       '5.7.13',
  '5.7.14',    '5.8.0',     '5.8.1',        '5.8.2',        '5.8.3',
  '5.8.4',     '5.8.5',     '5.8.6',        '5.8.7',        '5.8.9',
  '5.8.10',    '5.8.11',    '5.8.12',       '5.8.13',       '5.9.0',
  '5.9.1',     '5.9.2',     '5.9.3',        '5.9.4',        '5.9.5',
  '5.9.6',     '5.9.7',     '5.9.9',        '5.9.10',       '5.9.11',
  '5.9.12',    '5.9.13',    '5.9.14',       '5.9.15',       '5.9.16',
  '5.9.17',    '5.9.18',    '5.9.19',       '5.9.20',       '5.9.21',
  '5.9.22',    '5.9.23',    '5.9.24',       '5.9.25',       '5.9.26',
  '5.9.27',    '5.9.28',    '5.9.29',       '5.10.0',       '5.10.1',
  '5.10.2',    '5.10.3',    '5.10.4',       '5.10.5',       '5.10.6',
  '5.10.7',    '5.10.8',    '5.10.9',       '5.10.10',      '5.10.11',
  '5.10.12',   '5.10.13',   '5.10.14',      '5.10.15',      '5.10.16',
  '5.10.17',   '5.10.18',   '5.10.19',      '5.11.0',       '5.11.1',
  '5.11.2',    '5.11.3',    '5.11.4',       '5.11.5',       '5.11.6',
  '5.11.7',    '5.11.8',    '5.11.9',       '5.11.10',      '5.11.11',
  '5.11.12',   '5.11.13',   '5.11.14',      '5.11.15',      '5.11.16',
  '5.11.17',   '5.11.18',   '5.11.19',      '5.11.20',      '5.12.0',
  '5.12.1',    '5.12.2',    '5.12.3',       '5.12.4',       '5.12.5',
  '5.12.6',    '5.12.7',    '5.12.8',       '5.12.9',       '5.12.10',
  '5.12.11',   '5.12.12',   '5.12.13',      '5.12.14',      '5.12.15',
  '5.13.0',    '5.13.1',    '5.13.2',       '5.13.3',       '5.13.4',
  '5.13.5',    '5.13.6',    '5.13.7',       '5.13.8',       '5.13.9',
  '5.13.10',   '5.13.11',   '5.13.12',      '5.13.13',      '5.13.14',
  '6.0.0-rc0', '6.0.0-rc1', '6.0.0-rc2',    '6.0.0',        '6.0.1',
  '6.0.2',     '6.0.3',     '6.0.4',        '6.0.5',        '6.0.6',
  '6.0.7',     '6.0.8',     '6.0.9',        '6.0.10',       '6.0.11',
  '6.0.12',    '6.0.13',    '6.0.14',       '6.0.15',       '6.1.0',
  '6.1.1',     '6.1.2',     '6.1.3',        '6.1.4',        '6.1.5',
  '6.1.6',     '6.1.7',     '6.1.8',        '6.1.9',        '6.1.10',
  '6.2.0',     '6.2.1',     '6.2.2',        '6.2.3',        '6.2.4',
  '6.2.5',     '6.2.6',     '6.2.7',        '6.2.8',        '6.2.9',
  '6.2.10',    '6.2.11',    '6.3.0',        '6.3.1',        '6.3.2',
  '6.3.3',     '6.3.4'
]
PS C:\Users\Neosoft\Desktop\New folder\node\mosh\npm-demo>

//-->PS C:\Users\Neosoft\Desktop\New folder\node\mosh\npm-demo> npm outdated
Package     Current   Wanted  Latest  Location                 Depended by
mongoose      4.4.2  4.13.21   6.3.4  node_modules/mongoose    npm-demo
underscore    1.4.0   1.13.3  1.13.3  node_modules/underscore  npm-demo
PS C:\Users\Neosoft\Desktop\New folder\node\mosh\npm-demo> npm update
npm WARN deprecated bson@1.0.9: Fixed a critical issue with BSON serialization documented in CVE-2019-2391, see https://bit.ly/2KcpXdo for more details

added 6 packages, changed 18 packages, and audited 34 packages in 9s

7 vulnerabilities (2 moderate, 3 high, 2 critical)

To address all issues (including breaking changes), run:
  npm audit fix --force

Run `npm audit` for details.
PS C:\Users\Neosoft\Desktop\New folder\node\mosh\npm-demo> npm outdated
Package   Current   Wanted  Latest  Location               Depended by
mongoose  4.13.21  4.13.21   6.3.4  node_modules/mongoose  npm-demo
PS C:\Users\Neosoft\Desktop\New folder\node\mosh\npm-demo> 

//-->
PS C:\Users\Neosoft\Desktop\New folder\node\mosh\npm-demo> npm i -g npm-check-updates

added 260 packages, and audited 261 packages in 18s

29 packages are looking for funding
found 0 vulnerabilities
PS C:\Users\Neosoft\Desktop\New folder\node\mosh\npm-demo> npm-check-updates
Checking C:\Users\Neosoft\Desktop\New folder\node\mosh\npm-demo\package.json
[====================] 2/2 100%

 mongoose    ^4.4.2  →   ^6.3.4
 underscore  ^1.4.0  →  ^1.13.3

Run ncu -u to upgrade package.json
PS C:\Users\Neosoft\Desktop\New folder\node\mosh\npm-demo> ncu -u
Upgrading C:\Users\Neosoft\Desktop\New folder\node\mosh\npm-demo\package.json
[====================] 2/2 100%

 mongoose    ^4.4.2  →   ^6.3.4
 underscore  ^1.4.0  →  ^1.13.3

Run npm install to install new versions.

PS C:\Users\Neosoft\Desktop\New folder\node\mosh\npm-demo> npm i

added 20 packages, removed 24 packages, changed 8 packages, and audited 30 packages in 7s

4 packages are looking for funding
  run `npm fund` for details

found 0 vulnerabilities
PS C:\Users\Neosoft\Desktop\New folder\node\mosh\npm-demo> npm outdated
PS C:\Users\Neosoft\Desktop\New folder\node\mosh\npm-demo> ncu -u
Upgrading C:\Users\Neosoft\Desktop\New folder\node\mosh\npm-demo\package.json
[====================] 2/2 100%

All dependencies match the latest package versions :)
PS C:\Users\Neosoft\Desktop\New folder\node\mosh\npm-demo> 


//-->PS C:\Users\Neosoft\Desktop\New folder\node\mosh\npm-demo> npm i jshint --save-dev

added 31 packages, and audited 61 packages in 6s

7 packages are looking for funding
  run `npm fund` for details

found 0 vulnerabilities
PS C:\Users\Neosoft\Desktop\New folder\node\mosh\npm-demo> 



//-->index.js
const express = require("express");
const app = express();
app.get("/", (req, res) => {
  res.send("Hello world!!");
});
app.get("/api/courses", (req, res) => {
  res.send([1, 2, 3, "hii node and express"]);
});
app.get("/api/courses/:id", (req, res) => {
  res.send(req.params.id);
});
app.get("/api/courses/posts/:year/:month", (req, res) => {
  res.send(req.params);
});
const port = process.env.PORT || 3000;
app.listen(port, () => console.log(`Listening on port ${port}`));

// app.post();
// app.put();
// app.delete();

//-->result[http://localhost:3000/api/courses/posts/2023/09]
{
year: "2023",
month: "09"
}

//-->index.js
const express = require("express");
const app = express();
app.get("/", (req, res) => {
  res.send("Hello world!!");
});
app.get("/api/courses", (req, res) => {
  res.send([1, 2, 3, "hii node and express"]);
});
app.get("/api/courses/:id", (req, res) => {
  res.send(req.params.id);
});
app.get("/api/courses/posts/:year/:month", (req, res) => {
  res.send(req.query);
});
const port = process.env.PORT || 3000;
app.listen(port, () => console.log(`Listening on port ${port}`));

// app.post();
// app.put();
// app.delete();

//-->result=>[http://localhost:3000/api/courses/posts/2023/09?sortBy=name]
{
sortBy: "name"
}

//-->index.js
const express = require("express");
const app = express();

const courses = [
  { id: 1, name: "one" },
  { id: 2, name: "two" },
];
app.get("/", (req, res) => {
  res.send("Hello world!!");
});
app.get("/api/courses", (req, res) => {
  res.send(courses);
});
app.get("/api/courses/:id", (req, res) => {
  const course = courses.find((c) => c.id === parseInt(req.params.id));
  if (!course) res.status(404).send("the course is not found with this id");
  res.send(course);
});
app.get("/api/courses/posts/:year/:month", (req, res) => {
  res.send(req.query);
});
const port = process.env.PORT || 3000;
app.listen(port, () => console.log(`Listening on port ${port}`));

// app.post();
// app.put();
// app.delete();

//-->result=>http://localhost:3000/api/courses/1
{
id: 1,
name: "one"
}

//-->index.js
const express = require("express");
const app = express();

app.use(express.json());

const courses = [
  { id: 1, name: "one" },
  { id: 2, name: "two" },
];
app.get("/", (req, res) => {
  res.send("Hello world!!");
});
app.get("/api/courses", (req, res) => {
  res.send(courses);
});
app.post("/api/courses", (req, res) => {
  const course = {
    id: courses.length + 1,
    name: req.body.name,
  };
  courses.push(course);
  res.send(course);
});
app.get("/api/courses/:id", (req, res) => {
  const course = courses.find((c) => c.id === parseInt(req.params.id));
  if (!course) res.status(404).send("the course is not found with this id");
  res.send(course);
});
app.get("/api/courses/posts/:year/:month", (req, res) => {
  res.send(req.query);
});
const port = process.env.PORT || 3000;
app.listen(port, () => console.log(`Listening on port ${port}`));

// app.post();
// app.put();
// app.delete();

//-->result=>[post=>localhost:3000/api/courses]
{
    "name":"Moni"
}

//-->index.js
const express = require("express");
const app = express();

app.use(express.json());

const courses = [
  { id: 1, name: "one" },
  { id: 2, name: "two" },
];
app.get("/", (req, res) => {
  res.send("Hello world!!");
});
app.get("/api/courses", (req, res) => {
  res.send(courses);
});
app.post("/api/courses", (req, res) => {
  if (!req.body.name || req.body.name.length < 3) {
    //400 Bad request
    res.status(400).send("Name is required and should be minimum 3 charters ");
    return;
  }
  const course = {
    id: courses.length + 1,
    name: req.body.name,
  };
  courses.push(course);
  res.send(course);
});
app.get("/api/courses/:id", (req, res) => {
  const course = courses.find((c) => c.id === parseInt(req.params.id));
  if (!course) res.status(404).send("the course is not found with this id");
  res.send(course);
});
app.get("/api/courses/posts/:year/:month", (req, res) => {
  res.send(req.query);
});
const port = process.env.PORT || 3000;
app.listen(port, () => console.log(`Listening on port ${port}`));

// app.post();
// app.put();
// app.delete();

//-->result=>localhost:3000/api/courses

{
    
}
//->ans==>
Name is required and should be minimum 3 charters

//-->index.js
const Joi = require("joi");
const express = require("express");
const app = express();

app.use(express.json());

const courses = [
  { id: 1, name: "one" },
  { id: 2, name: "two" },
];
app.get("/", (req, res) => {
  res.send("Hello world!!");
});
app.get("/api/courses", (req, res) => {
  res.send(courses);
});
app.post("/api/courses", (req, res) => {
  const schema = {
    name: Joi.string().min(3).required(),
  };
  const result = Joi.validate(req.body, schema);

  if (result.error) {
    //400 Bad request
    res.status(400).send(result.error.details[0].message);
    return;
  }
  const course = {
    id: courses.length + 1,
    name: req.body.name,
  };
  courses.push(course);
  res.send(course);
});
app.get("/api/courses/:id", (req, res) => {
  const course = courses.find((c) => c.id === parseInt(req.params.id));
  if (!course) res.status(404).send("the course is not found with this id");
  res.send(course);
});
app.get("/api/courses/posts/:year/:month", (req, res) => {
  res.send(req.query);
});
const port = process.env.PORT || 3000;
app.listen(port, () => console.log(`Listening on port ${port}`));

// app.post();
// app.put();
// app.delete();

//-->result=>[post=>localhost:3000/api/courses]
{
    
}
//->error
{
  "isJoi": true,
  "name": "ValidationError",
  "details": [
    {
      "message": "\"name\" is required",
      "path": [
        "name"
      ],
      "type": "any.required",
      "context": {
        "key": "name",
        "label": "name"
      }
    }
  ],
  "_object": {}
}

==>or
"name" is required




